======================================================
     MNIST多方同态加密系统 - 支持灵活旋转配置
======================================================


====== 第一部分：多方系统初始化 ======

1. 初始化多方系统（3个参与方）...

配置旋转参数...
添加 35 个自举所需的伽罗瓦元素
添加基本旋转: [1 2 3 4 5 10 20 50 100]
添加批处理旋转: [64 128 256 512]
总共生成 48 个伽罗瓦密钥（包括自举和旋转）

系统初始化完成
• CKKS参数: LogN=14, Slots=8192
• 伽罗瓦元素数量: 48

====== 第二部分：数据准备 ======

2. 加载MNIST数据集...
训练数据集: 60000 个样本
测试数据集: 10000 个样本

3. 配置向量组装器...

=== 配置验证 ===
向量大小(s): 8192
批处理大小(batch): 64
每图像特征数(k): 128
图像特征总数: 784
✓ k(128) < 784，需要多个向量表示一张图像
   每张图像需要向量数: 7
向量利用率: 612.5%
================

=== 向量组装器配置 ===
向量大小(s): 8192
每图像特征数(k): 128
图像特征总数: 784
每向量图像数(s/k): 64
向量总数(ceil(ImageFeatures/k)): 7
⚠️  注意: 784不能被k整除，最后一个向量将补0
   最后一个向量实际特征数: 16/128

重排模式:
vector1: [img1_pixel0, img2_pixel0, ..., img64_pixel0, img1_pixel1, ..., img64_pixel1, ..., img1_pixel127, ..., img64_pixel127]
vector2: [img1_pixel128, img2_pixel128, ..., img64_pixel128, ...]
...
vector7: [img1_pixel768, img2_pixel768, ..., img64_pixel768, ...]

批次处理说明:
• 每个批次处理 64 张图像
• 每个批次产生 7 个向量
• 总向量数 = 批次数 × 7
• 例如：50张图像需要 1 个批次，总共 7 个向量
========================


4. 重排数据集...
数据集总图像数: 320
每批处理图像数: 64
完整批次数: 5
每批产生向量数: 7
已处理 5/5 个批次
✓ 数据集组装完成，总向量数: 35
数据集总图像数: 128
每批处理图像数: 64
完整批次数: 2
每批产生向量数: 7
已处理 2/2 个批次
✓ 数据集组装完成，总向量数: 14

重排完成统计:
• 训练集: 35 个向量, 5 个批次
• 测试集: 14 个向量, 2 个批次

====== 第三部分：分布式密钥生成 ======

5.1 执行分布式公钥生成协议
开始生成公钥...
公钥生成协议完成
生成最终公钥中...
公钥已生成，正在发送...
公钥发送完毕
云端已聚合3个公钥份额
✓ 公钥生成完成

5.2 执行分布式伽罗瓦密钥生成协议
正在生成 48 个伽罗瓦密钥...
开始生成48个伽罗瓦密钥...
伽罗瓦密钥生成协议完成
✓ 48个伽罗瓦密钥生成完成
云端为48个伽罗瓦密钥聚合了144个份额

5.3 执行分布式重线性化密钥生成协议
开始生成重线性化密钥...
重线性化密钥生成协议完成
云端为3个参与方生成了重线性化密钥
✓ 重线性化密钥生成完成

====== 第四部分：数据加密 ======

加密训练数据...
加密进度: 1/35 个向量加密进度: 11/35 个向量加密进度: 21/35 个向量加密进度: 31/35 个向量
✓ 训练数据加密完成，用时: 1.30954375s

====== 第五部分：分布式自举测试 ======

=== 分布式自举协议测试 ===
选择 3 个密文进行自举测试

自举前密文状态:
  密文 19: Level=16, Scale=2^45.00, Noise Budget≈775.0 bits
  密文 25: Level=16, Scale=2^45.00, Noise Budget≈775.0 bits
  密文 2: Level=16, Scale=2^45.00, Noise Budget≈775.0 bits

开始执行分布式自举...
开始刷新3个密文...
[Cloud] 完成密文 19 的自举刷新，用时 123.592916ms
[Cloud] 完成密文 25 的自举刷新，用时 179.796958ms
[Party 1] 完成自举份额生成
[Party 2] 完成自举份额生成
[Party 0] 完成自举份额生成
密文刷新协议完成
[Cloud] 完成密文 2 的自举刷新，用时 227.658334ms
自举完成，用时: 442.2435ms

自举后密文状态:
  密文 19: Level=16, Scale=2^45.00, Noise Budget≈775.0 bits
  密文 25: Level=16, Scale=2^45.00, Noise Budget≈775.0 bits
  密文 2: Level=16, Scale=2^45.00, Noise Budget≈775.0 bits

验证自举结果的正确性:
  密文 25: MaxError=1.662e-10, RMSE=4.477e-11 ✓
  密文 2: MaxError=1.704e-10, RMSE=4.505e-11 ✓
  密文 19: MaxError=1.742e-10, RMSE=4.462e-11 ✓

总体统计:
  平均RMSE误差: 4.481e-11
  处理密文数: 3
  总耗时: 442.2435ms
  平均每密文耗时: 147.4145ms

✓ 分布式自举测试通过！所有密文都被正确刷新。

自举效果验证:
  密文 19: Level 16 -> 16 ✓ (噪声预算已刷新)
  密文 25: Level 16 -> 16 ✓ (噪声预算已刷新)
  密文 2: Level 16 -> 16 ✓ (噪声预算已刷新)

=== 分布式自举测试完成 ===

====== 第六部分：同态全连接层计算 ======

====== 完整前向传播测试（包含交叉熵损失） ======

=== 网络架构 ===
输入层: 784 个特征
隐藏层1: 16 个神经元, 激活函数: SigmoidChebyshev(K=6.0, degree=20), 带偏置项
输出层: 10 个神经元, 激活函数: Identity, 带偏置项

批处理配置:
• 批大小(n): 64
• 每密文特征数(k): 128
• 向量大小(s): 8192
================

处理第 1 个批次（包含 64 个样本）...

=== 步骤1：前向传播（隐藏层 + 输出层，保存激活前值） ===

=== 开始多层前向传播（保存激活前值）===
网络结构: 总共2层
  第1层: 784 -> 16, 激活函数: SigmoidChebyshev(K=6.0, degree=20)
  第2层: 16 -> 10, 激活函数: Identity

💡 检测到2层网络，需要修改第一层计算方式以保存激活前值

处理第1层（输入层 -> 隐藏层）...
激活函数: SigmoidChebyshev(K=6.0, degree=20)

计算第一层并保存激活前后值...
开始计算16个神经元的输出...
  神经元0: 激活前层级=15, 激活后层级=9
  神经元1: 激活前层级=15, 激活后层级=9
  神经元2: 激活前层级=15, 激活后层级=9
✓ 第一层计算完成，保存了16个神经元的激活前后值
💾 保存第1层的激活前值（这是唯一的隐藏层）
保存的激活前值数量: 16

开始重组 16 个神经元输出为 1 个向量...
✓ 完成第 1 个向量的重组

处理第2层（输出层）...
激活函数: Identity

计算下一层...

✓ 带激活前值保存的前向传播完成，总用时: 16.233064333s
✓ 已保存16个隐藏层神经元的激活前值
明文计算：完成第1层（激活函数: SigmoidChebyshev(K=6.0, degree=20)） - 使用真实函数
明文计算：完成第2层（激活函数: Identity） - 使用真实函数

验证前向传播结果：

=== 验证前向传播结果 ===
输出神经元数: 10
批次大小: 64

样本 | 神经元 | 明文结果 | 密文结果 | 绝对误差 | 相对误差
------|---------|----------|----------|-----------|----------
    0 |       0 | -0.651014 | -0.650963 | 5.116e-05 | 7.858e-03% ⚠
    0 |       1 | -0.738609 | -0.738614 | 5.806e-06 | 7.861e-04% ⚠
    0 |       2 | 0.041520 | 0.041507 | 1.354e-05 | 3.262e-02% ⚠
------|---------|----------|----------|-----------|----------
    1 |       0 | -0.388508 | -0.388517 | 8.615e-06 | 2.217e-03% ⚠
    1 |       1 | -0.721231 | -0.721234 | 2.432e-06 | 3.373e-04% ⚠
    1 |       2 | 0.013594 | 0.013583 | 1.126e-05 | 8.280e-02% ⚠
------|---------|----------|----------|-----------|----------
    2 |       0 | -0.441331 | -0.441337 | 5.851e-06 | 1.326e-03% ⚠
    2 |       1 | -0.662948 | -0.662957 | 9.368e-06 | 1.413e-03% ⚠
    2 |       2 | -0.135990 | -0.135979 | 1.079e-05 | 7.934e-03% ⚠
------|---------|----------|----------|-----------|----------
    3 |       0 | -0.465440 | -0.465438 | 1.915e-06 | 4.114e-04% ⚠
    3 |       1 | -0.674738 | -0.674745 | 6.234e-06 | 9.239e-04% ⚠
    3 |       2 | 0.027095 | 0.027091 | 4.814e-06 | 1.777e-02% ⚠
------|---------|----------|----------|-----------|----------
    4 |       0 | -0.350834 | -0.350817 | 1.677e-05 | 4.781e-03% ⚠
    4 |       1 | -0.731739 | -0.731739 | 4.457e-07 | 6.091e-05% ✓
    4 |       2 | -0.042570 | -0.042589 | 1.954e-05 | 4.589e-02% ⚠

=== 误差统计 ===
• 显示的样本数: 5
• 显示的神经元数: 3
• 显示部分的平均误差: 0.000016347
• 显示部分的最大误差: 0.000051159

• 全部样本数: 64
• 全部神经元数: 10
• 全部数据的平均误差: 0.000022313
• 全部数据的最大误差: 0.000068636

=== 激活函数使用情况 ===
第1层: SigmoidChebyshev(K=6.0, degree=20)
第2层: Identity

⚠ 误差在可接受范围内

=== 步骤2：应用Softmax激活函数 ===
对输出层（10个类别）应用Softmax...

=== 计算同态Softmax（带自举检查点）===

📍 输入密文层级检查：
  神经元0: Level=7/16
  神经元1: Level=7/16
  神经元2: Level=7/16
  神经元3: Level=7/16
  神经元4: Level=7/16
  神经元5: Level=7/16
  神经元6: Level=7/16
  神经元7: Level=7/16
  神经元8: Level=7/16
  神经元9: Level=7/16
  最低输入层级: 7/16

📊 步骤1：计算exp(O_i)，共10个神经元
  计算exp(神经元0)...
  计算exp(神经元1)...
  计算exp(神经元2)...
  计算exp(神经元3)...
  计算exp(神经元4)...
  计算exp(神经元5)...
  计算exp(神经元6)...
  计算exp(神经元7)...
  计算exp(神经元8)...
  计算exp(神经元9)...

🔍 检查点1：指数计算后层级检查
  神经元0: exp后层级 1/16
  神经元1: exp后层级 1/16
  神经元2: exp后层级 1/16
  神经元3: exp后层级 1/16
  神经元4: exp后层级 1/16
  神经元5: exp后层级 1/16
  神经元6: exp后层级 1/16
  神经元7: exp后层级 1/16
  神经元8: exp后层级 1/16
  神经元9: exp后层级 1/16
  最低层级: 1/16

🔄 检查点1触发：层级过低（1 < 13），对指数结果执行自举...
开始刷新10个密文...
panic: Party 1 GenShare failed: cannot GenShare: ciphertext level is not large enough for refresh correctness

goroutine 98 [running]:
MNIST-CNN/pkg/protocols.runPartyBootstrap({{0xe, {0x140001e0090, 0x11, 0x11}, {0x1400011e2a0, 0x3, 0x3}, {{0x100dd9210, 0x140001c85e0}, 0x400999999999999a, ...}, ...}}, ...)
	/Users/lixinze/Desktop/MNIST_CNN/pkg/protocols/bootstrap.go:148 +0x368
created by MNIST-CNN/pkg/protocols.RefreshCiphertexts in goroutine 1
	/Users/lixinze/Desktop/MNIST_CNN/pkg/protocols/bootstrap.go:65 +0x758
exit status 2
